[ WARN ] Error in file 'C:\Users\barbiedhamija\PycharmProjects\SauceDemoAutomation\Resources\reusable.robot' on line 26: The '[Return]' setting is deprecated. Use the 'RETURN' statement instead.
[ WARN ] Error in file 'C:\Users\barbiedhamija\PycharmProjects\SauceDemoAutomation\Resources\reusable.robot' on line 32: The '[Return]' setting is deprecated. Use the 'RETURN' statement instead.
