==============================================================================
Tests                                                                         
==============================================================================
Tests.Product Tests                                                           
==============================================================================
Successful Customer purchases Products                                | PASS |
------------------------------------------------------------------------------
Customer is able to sort the products successfully                    | PASS |
------------------------------------------------------------------------------
Tests.Product Tests                                                   | PASS |
2 tests, 2 passed, 0 failed
==============================================================================
Tests                                                                 | PASS |
2 tests, 2 passed, 0 failed
==============================================================================
Output:  C:\Users\barbiedhamija\PycharmProjects\SauceDemoAutomation\Tests\pabot_results\1\output.xml
