==============================================================================
Tests                                                                         
==============================================================================
Tests.Login Tests                                                             
==============================================================================
User is not able to login when locked out                             | PASS |
------------------------------------------------------------------------------
Tests.Login Tests                                                     | PASS |
1 test, 1 passed, 0 failed
==============================================================================
Tests                                                                 | PASS |
1 test, 1 passed, 0 failed
==============================================================================
Output:  C:\Users\barbiedhamija\PycharmProjects\SauceDemoAutomation\Tests\pabot_results\0\output.xml
